# ---------------------------------------------------------------------------
# Created on Wed Jul 16 19:03:57 PDT 2025 with report_failfast (2023.09.14)
# ---------------------------------------------------------------------------

 +-------------------------------------------------------------------------------------------------------------------------------------------------+
 | Average Fanout                                                                                                                                  |
 | Min Module Size: 100000                                                                                                                         |
 +---------------------------------------------------------------------------------------------+-----------------+-----------+---------------------+
 | Cell                                                                                        | Flat Leaf Cells | Flat Pins | Flat Average Fanout |
 +---------------------------------------------------------------------------------------------+-----------------+-----------+---------------------+
 | <TOP>                                                                                       | 126242          | 521501    | 2.62                |
 | bd_0_i                                                                                      | 126242          | 521501    | 2.62                |
 | bd_0_i/hls_inst                                                                             | 126242          | 521501    | 2.62                |
 | bd_0_i/hls_inst/inst                                                                        | 126242          | 521501    | 2.62                |
 | bd_0_i/hls_inst/inst/grp_FFT_pipeline_DIT_fu_154                                            | 125755          | 519130    | 2.63                |
 | bd_0_i/hls_inst/inst/grp_FFT_pipeline_DIT_fu_154/FFT_DIT_spatial_unroll_CY_stream_vector_U0 | 125697          | 518883    | 2.63                |
 +---------------------------------------------------------------------------------------------+-----------------+-----------+---------------------+
