

================================================================
== Vitis HLS Report for 'FFT_Stage1_vectorstream_parameterize'
================================================================
* Date:           Wed Jul 16 18:22:36 2025

* Version:        2024.2 (Build 5238294 on Nov  8 2024)
* Project:        FFT_DIT_RN
* Solution:       FFT_DIT_RN (Vivado IP Flow Target)
* Product family: zynq
* Target device:  xc7z020-clg400-1


================================================================
== Performance Estimates
================================================================
+ Timing: 
    * Summary: 
    +--------+---------+----------+------------+
    |  Clock |  Target | Estimated| Uncertainty|
    +--------+---------+----------+------------+
    |ap_clk  |  4.00 ns|  4.956 ns|     1.08 ns|
    +--------+---------+----------+------------+

+ Latency: 
    * Summary: 
    +---------+---------+----------+----------+-----+-----+----------+
    |  Latency (cycles) |  Latency (absolute) |  Interval | Pipeline |
    |   min   |   max   |    min   |    max   | min | max |   Type   |
    +---------+---------+----------+----------+-----+-----+----------+
    |       46|       46|  0.228 us|  0.228 us|   32|   32|  dataflow|
    +---------+---------+----------+----------+-----+-----+----------+

    + Detail: 
        * Instance: 
        N/A

        * Loop: 
        N/A

============================================================
+ Verbose Summary: Synthesis Manager
============================================================
InlineROM: 1
ExposeGlobal: 0
============================================================
+ Verbose Summary: CDFG Model
============================================================
IsTopModel: 0
ResetActiveHigh: 1
IsCombinational: 2
IsDatapathOnly: 0
HasWiredReturn: 1
HasMFsm: 0
HasVarLatency: 1
IsPipeline: 0
IsRtlPipelined: 0
IsInstanceOverlapped: 0
IsDontTouch: 0
HasImplIP: 0
IsGatedGlobalClock: 0


============================================================
+ Verbose Summary: Schedule
============================================================
* Number of FSM states : 2
* Pipeline : 0
* Dataflow Pipeline: 1
  DF-Pipeline-0: Size = 2, States = { 1 2 }

* FSM state transitions: 
1 --> 2 
2 --> 

* FSM state operations: 

State 1 <SV = 0> <Delay = 0.00>
ST_1 : Operation 3 [2/2] (0.00ns)   --->   "%call_ln496 = call void @FFT_Stage1_vectorstream_parameterize_Loop_FFT_Stage1_proc, i256 %reverse_in_stream_vector, i256 %data_s1_stream_vector" [FFT.cpp:496]   --->   Operation 3 'call' 'call_ln496' <Predicate = true> <Delay = 0.00> <CoreType = "Generic">   --->   Generic Core

State 2 <SV = 1> <Delay = 0.00>
ST_2 : Operation 4 [1/1] (0.00ns)   --->   "%specdataflowpipeline_ln494 = specdataflowpipeline void @_ssdm_op_SpecDataflowPipeline, i32 4294967295, i32 1, void @empty_71" [FFT.cpp:494]   --->   Operation 4 'specdataflowpipeline' 'specdataflowpipeline_ln494' <Predicate = true> <Delay = 0.00>
ST_2 : Operation 5 [1/1] (0.00ns)   --->   "%specinterface_ln0 = specinterface void @_ssdm_op_SpecInterface, i256 %data_s1_stream_vector, void @empty_70, i32 0, i32 0, void @empty_71, i32 0, i32 0, void @empty_71, void @empty_71, void @empty_71, i32 0, i32 0, i32 0, i32 0, void @empty_71, void @empty_71, i32 4294967295, i32 0, i32 0"   --->   Operation 5 'specinterface' 'specinterface_ln0' <Predicate = true> <Delay = 0.00>
ST_2 : Operation 6 [1/1] (0.00ns)   --->   "%specinterface_ln0 = specinterface void @_ssdm_op_SpecInterface, i256 %reverse_in_stream_vector, void @empty_70, i32 0, i32 0, void @empty_71, i32 0, i32 0, void @empty_71, void @empty_71, void @empty_71, i32 0, i32 0, i32 0, i32 0, void @empty_71, void @empty_71, i32 4294967295, i32 0, i32 0"   --->   Operation 6 'specinterface' 'specinterface_ln0' <Predicate = true> <Delay = 0.00>
ST_2 : Operation 7 [1/2] (0.00ns)   --->   "%call_ln496 = call void @FFT_Stage1_vectorstream_parameterize_Loop_FFT_Stage1_proc, i256 %reverse_in_stream_vector, i256 %data_s1_stream_vector" [FFT.cpp:496]   --->   Operation 7 'call' 'call_ln496' <Predicate = true> <Delay = 0.00> <CoreType = "Generic">   --->   Generic Core
ST_2 : Operation 8 [1/1] (0.00ns)   --->   "%ret_ln514 = ret" [FFT.cpp:514]   --->   Operation 8 'ret' 'ret_ln514' <Predicate = true> <Delay = 0.00>


============================================================
+ Verbose Summary: Timing violations
============================================================
Target clock period: 4.000ns, clock uncertainty: 1.080ns.

 <State 1>: 0.000ns
The critical path consists of the following:

 <State 2>: 0.000ns
The critical path consists of the following:


============================================================
+ Verbose Summary: Binding
============================================================
N/A
* FSMD analyzer results:
  - Output states:
 - Input state : 
  - Chain level:
	State 1
	State 2


============================================================
+ Verbose Summary: Datapath Resource usage 
============================================================
N/A
