================================================================
== Design Size Report
================================================================

* Total Instructions per Compilation Phase
+---------------+-----------------------------+--------------+----------------------------------------------------------------------------------------+
| Phase         | Step                        | Instructions | Description                                                                            |
+---------------+-----------------------------+--------------+----------------------------------------------------------------------------------------+
| Compile/Link  |                             | 26,099       | After all functions are compiled and linked into a single design                       |
|               |                             |              |                                                                                        |
| Unroll/Inline |                             |              | After user unroll and inline pragmas are applied                                       |
|               | (1) unroll                  |  2,984       | user unroll pragmas are applied                                                        |
|               | (2) simplification          |  2,579       | simplification of applied user unroll pragmas                                          |
|               | (3) inline                  |  2,104       | user inline pragmas are applied                                                        |
|               | (4) simplification          |  1,033       | simplification of applied user inline pragmas                                          |
|               |                             |              |                                                                                        |
| Array/Struct  |                             |              | After user array partition and struct aggregate/disaggregate pragmas are applied       |
|               | (1) array partition         |  2,145       | user array partition pragmas are applied                                               |
|               | (2) simplification          |  1,090       | simplification of applied user array partition & struct aggregate/disaggregate pragmas |
|               | (3) aggregate/disaggregate  |  1,267       | user struct aggregate/disaggregate pragmas are applied                                 |
|               | (4) array reshape           |  1,473       | apply array reshape pragmas                                                            |
|               | (5) access patterns         |  1,456       | array access pattern optmizations                                                      |
|               |                             |              |                                                                                        |
| Performance   |                             |              | After transformations are applied to meet performance pragma targets                   |
|               | (1) loop simplification     |  1,462       | loop and instruction simplification                                                    |
|               | (2) parallelization         |  1,435       | loops are unrolled or pipelined to meet performance targets                            |
|               | (3) array partition         |  1,435       | arrays are partitioned to meet performance targets                                     |
|               | (4) simplification          |  1,435       | simplification of design after performance transformations                             |
|               |                             |              |                                                                                        |
| HW Transforms |                             |              | After hardware transfomations                                                          |
|               | (1) lowering                |  1,415       | initial conversion to HW specific instructions                                         |
|               | (2) optimizations           |  1,471       | high level synthesis optimizations                                                     |
+---------------+-----------------------------+--------------+----------------------------------------------------------------------------------------+

* Instructions per Function for each Compilation Phase
+-----------------------------------------+--------------------------+-----------------+---------------+--------------+-------------+---------------+
| Function                                | Location                 | Compile/Link    | Unroll/Inline | Array/Struct | Performance | HW Transforms |
+-----------------------------------------+--------------------------+-----------------+---------------+--------------+-------------+---------------+
| + FFT_DIF_NR                            | FFT.cpp:770              | 26,099          | 1,033         | 1,456        | 1,435       | 1,471         |
|  + FFT_pipeline_DIF                     | FFT.cpp:662              | 26,095          | 1,031         | 1,454        | 1,433       | 1,462         |
|   + cos                                 | sincosdouble.cpp:12      | 10,999          |               |              |             |               |
|    + cos                                | hls_hotbm_double.cpp:143 | 10,997          |               |              |             |               |
|     + sin_or_cos<double>                | hls_hotbm.h:209          | 10,995          |               |              |             |               |
|        fp_struct                        | x_hls_utils.h:456        |   638 (2 calls) |               |              |             |               |
|      + range_redux_payne_hanek_hotb...  | hls_range_redux.h:543    | 2,553           |               |              |             |               |
|         fp_struct                       | x_hls_utils.h:456        |   319           |               |              |             |               |
|         expv                            | x_hls_utils.h:485        |   109           |               |              |             |               |
|         clz<61, 124, 0>                 | hls_normalize.h:69       |   164           |               |              |             |               |
|      + range_redux_payne_hanek_hotb...  | hls_range_redux.h:431    | 2,173           |               |              |             |               |
|         fp_struct                       | x_hls_utils.h:456        |   319           |               |              |             |               |
|         expv                            | x_hls_utils.h:485        |   109           |               |              |             |               |
|         table_lookup_4oPi_hotbm<52, ... | hls_range_redux.h:393    |   283           |               |              |             |               |
|         clz<61, 124, 0>                 | hls_normalize.h:69       |   164           |               |              |             |               |
|        sin_or_cos_approximation<63,...  | hls_hotbm_double.cpp:8   | 2,775           |               |              |             |               |
|      + scaled_fixed2ieee<63, 1>         | x_hls_float_utils.h:389  | 1,543           |               |              |             |               |
|         fp_struct                       | x_hls_utils.h:454        |     4           |               |              |             |               |
|         clz                             | hls_normalize.h:79       |    29           |               |              |             |               |
|         set_mantissa                    | x_hls_utils.h:499        |   111           |               |              |             |               |
|       + to_ieee                         | x_hls_utils.h:509        |   303           |               |              |             |               |
|        + to_double                      | x_hls_utils.h:494        |   301           |               |              |             |               |
|           data                          | x_hls_utils.h:475        |   279           |               |              |             |               |
|      + to_ieee                          | x_hls_utils.h:509        |   303           |               |              |             |               |
|       + to_double                       | x_hls_utils.h:494        |   301           |               |              |             |               |
|          data                           | x_hls_utils.h:475        |   279           |               |              |             |               |
|   + sin                                 | sincosdouble.cpp:7       | 10,999          |               |              |             |               |
|    + sin                                | hls_hotbm_double.cpp:139 | 10,997          |               |              |             |               |
|     + sin_or_cos<double>                | hls_hotbm.h:209          | 10,995          |               |              |             |               |
|        fp_struct                        | x_hls_utils.h:456        |   638 (2 calls) |               |              |             |               |
|      + range_redux_payne_hanek_hotb...  | hls_range_redux.h:543    | 2,553           |               |              |             |               |
|         fp_struct                       | x_hls_utils.h:456        |   319           |               |              |             |               |
|         expv                            | x_hls_utils.h:485        |   109           |               |              |             |               |
|         clz<61, 124, 0>                 | hls_normalize.h:69       |   164           |               |              |             |               |
|      + range_redux_payne_hanek_hotb...  | hls_range_redux.h:431    | 2,173           |               |              |             |               |
|         fp_struct                       | x_hls_utils.h:456        |   319           |               |              |             |               |
|         expv                            | x_hls_utils.h:485        |   109           |               |              |             |               |
|         table_lookup_4oPi_hotbm<52, ... | hls_range_redux.h:393    |   283           |               |              |             |               |
|         clz<61, 124, 0>                 | hls_normalize.h:69       |   164           |               |              |             |               |
|        sin_or_cos_approximation<63,...  | hls_hotbm_double.cpp:8   | 2,775           |               |              |             |               |
|      + scaled_fixed2ieee<63, 1>         | x_hls_float_utils.h:389  | 1,543           |               |              |             |               |
|         fp_struct                       | x_hls_utils.h:454        |     4           |               |              |             |               |
|         clz                             | hls_normalize.h:79       |    29           |               |              |             |               |
|         set_mantissa                    | x_hls_utils.h:499        |   111           |               |              |             |               |
|       + to_ieee                         | x_hls_utils.h:509        |   303           |               |              |             |               |
|        + to_double                      | x_hls_utils.h:494        |   301           |               |              |             |               |
|           data                          | x_hls_utils.h:475        |   279           |               |              |             |               |
|      + to_ieee                          | x_hls_utils.h:509        |   303           |               |              |             |               |
|       + to_double                       | x_hls_utils.h:494        |   301           |               |              |             |               |
|          data                           | x_hls_utils.h:475        |   279           |               |              |             |               |
|   + FFT_DFT_spatial_unroll_CY_st...     | FFT.cpp:595              | 3,634           |  888          | 1,140        | 1,138       | 1,224         |
|    + FFT_Stage1_vectorstream_para...    | FFT.cpp:490              |   303           |   70          |  153         |  152        |               |
|       RADIX2_BFLY_double_buffer_qu...   | FFT.cpp:433              |   112           |               |              |             |               |
|    + FFT_Stage2_vectorstreamIn_ar...    | FFT.cpp:517              |   426           |   76          |  116         |  115        |  130          |
|       RADIX2_BFLY_double_buffer_qu...   | FFT.cpp:433              |   224 (2 calls) |               |              |             |               |
|    + FFT_stage_spatial_unroll<7>        | FFT.cpp:373              |   561           |  125          |  125         |  125        |  128          |
|       RADIX2_BFLY_double_buffer_qu...   | FFT.cpp:8                |   402 (3 calls) |               |              |             |               |
|    + FFT_stage_spatial_unroll<6>        | FFT.cpp:373              |   561           |  137          |  137         |  137        |  142          |
|       RADIX2_BFLY_double_buffer_qu...   | FFT.cpp:8                |   402 (3 calls) |               |              |             |               |
|    + FFT_stage_spatial_unroll<5>        | FFT.cpp:373              |   561           |  137          |  137         |  137        |  142          |
|       RADIX2_BFLY_double_buffer_qu...   | FFT.cpp:8                |   402 (3 calls) |               |              |             |               |
|    + FFT_stage_spatial_unroll<4>        | FFT.cpp:373              |   561           |  137          |  137         |  137        |  142          |
|       RADIX2_BFLY_double_buffer_qu...   | FFT.cpp:8                |   402 (3 calls) |               |              |             |               |
|    + FFT_stage_spatial_unroll<3>        | FFT.cpp:373              |   561           |  137          |  171         |  171        |  176          |
|       RADIX2_BFLY_double_buffer_qu...   | FFT.cpp:8                |   402 (3 calls) |               |              |             |               |
|      output_result_array_to_strea...    | FFT.cpp:53               |    70           |   42          |   87         |   87        |  102          |
+-----------------------------------------+--------------------------+-----------------+---------------+--------------+-------------+---------------+

* Design Size Message Settings
+---------------------------------------------+--------+------------------------------------------------------------------+
| Message Setting                             | Value  | Description                                                      |
+---------------------------------------------+--------+------------------------------------------------------------------+
| config_compile -design_size_maximum_warning | 100000 | Show a warning when total design instructions exceeds this value |
+---------------------------------------------+--------+------------------------------------------------------------------+


