

================================================================
== Vitis HLS Report for 'FFT_DIT_spatial_unroll_CY_stream_vector'
================================================================
* Date:           Wed Jul 16 18:22:38 2025

* Version:        2024.2 (Build 5238294 on Nov  8 2024)
* Project:        FFT_DIT_RN
* Solution:       FFT_DIT_RN (Vivado IP Flow Target)
* Product family: zynq
* Target device:  xc7z020-clg400-1


================================================================
== Performance Estimates
================================================================
+ Timing: 
    * Summary: 
    +--------+---------+----------+------------+
    |  Clock |  Target | Estimated| Uncertainty|
    +--------+---------+----------+------------+
    |ap_clk  |  4.00 ns|  5.091 ns|     1.08 ns|
    +--------+---------+----------+------------+

+ Latency: 
    * Summary: 
    +---------+---------+----------+----------+-----+-----+----------+
    |  Latency (cycles) |  Latency (absolute) |  Interval | Pipeline |
    |   min   |   max   |    min   |    max   | min | max |   Type   |
    +---------+---------+----------+----------+-----+-----+----------+
    |      477|      477|  2.428 us|  2.428 us|   32|   32|  dataflow|
    +---------+---------+----------+----------+-----+-----+----------+

    + Detail: 
        * Instance: 
        +--------------------------------------------------+-----------------------------------------------+---------+---------+----------+----------+-----+-----+------------------------------------------------+
        |                                                  |                                               |  Latency (cycles) |  Latency (absolute) |  Interval |                    Pipeline                    |
        |                     Instance                     |                     Module                    |   min   |   max   |    min   |    max   | min | max |                      Type                      |
        +--------------------------------------------------+-----------------------------------------------+---------+---------+----------+----------+-----+-----+------------------------------------------------+
        |reverse_input_stream_UF2_U0                       |reverse_input_stream_UF2                       |      107|      107|  0.530 us|  0.530 us|   32|   32|                                        dataflow|
        |FFT_Stage1_vectorstream_parameterize_U0           |FFT_Stage1_vectorstream_parameterize           |       46|       46|  0.228 us|  0.228 us|   32|   32|                                        dataflow|
        |FFT_Stage2_vectorstreamIn_arrayOut_parametize_U0  |FFT_Stage2_vectorstreamIn_arrayOut_parametize  |       47|       47|  0.239 us|  0.239 us|   32|   32|  loop auto-rewind stp (delay=0 clock cycles(s))|
        |FFT_stage_spatial_unroll_3_U0                     |FFT_stage_spatial_unroll_3_s                   |       74|       74|  0.367 us|  0.367 us|   33|   33|  loop auto-rewind stp (delay=1 clock cycles(s))|
        |FFT_stage_spatial_unroll_4_U0                     |FFT_stage_spatial_unroll_4_s                   |       74|       74|  0.367 us|  0.367 us|   34|   34|  loop auto-rewind stp (delay=2 clock cycles(s))|
        |FFT_stage_spatial_unroll_5_U0                     |FFT_stage_spatial_unroll_5_s                   |       74|       74|  0.367 us|  0.367 us|   34|   34|  loop auto-rewind stp (delay=2 clock cycles(s))|
        |FFT_stage_spatial_unroll_6_U0                     |FFT_stage_spatial_unroll_6_s                   |       74|       74|  0.367 us|  0.367 us|   34|   34|  loop auto-rewind stp (delay=2 clock cycles(s))|
        |FFT_stage_spatial_unroll_7_U0                     |FFT_stage_spatial_unroll_7_s                   |       72|       72|  0.363 us|  0.363 us|   33|   33|  loop auto-rewind stp (delay=1 clock cycles(s))|
        |output_result_array_to_stream_U0                  |output_result_array_to_stream                  |       35|       35|  0.173 us|  0.173 us|   33|   33|  loop auto-rewind stp (delay=1 clock cycles(s))|
        +--------------------------------------------------+-----------------------------------------------+---------+---------+----------+----------+-----+-----+------------------------------------------------+

        * Loop: 
        N/A



================================================================
== Utilization Estimates
================================================================
* Summary: 
+-----------------+---------+-----+--------+-------+-----+
|       Name      | BRAM_18K| DSP |   FF   |  LUT  | URAM|
+-----------------+---------+-----+--------+-------+-----+
|DSP              |        -|    -|       -|      -|    -|
|Expression       |        -|    -|       0|     30|    -|
|FIFO             |        -|    -|     198|    136|    -|
|Instance         |       16|  120|   76195|  63604|    0|
|Memory           |       80|    -|    2304|    256|    0|
|Multiplexer      |        -|    -|       0|     54|    -|
|Register         |        -|    -|       8|      -|    -|
+-----------------+---------+-----+--------+-------+-----+
|Total            |       96|  120|   78705|  64080|    0|
+-----------------+---------+-----+--------+-------+-----+
|Available        |      280|  220|  106400|  53200|    0|
+-----------------+---------+-----+--------+-------+-----+
|Utilization (%)  |       34|   54|      73|    120|    0|
+-----------------+---------+-----+--------+-------+-----+

+ Detail: 
    * Instance: 
    +--------------------------------------------------+-----------------------------------------------+---------+----+-------+-------+-----+
    |                     Instance                     |                     Module                    | BRAM_18K| DSP|   FF  |  LUT  | URAM|
    +--------------------------------------------------+-----------------------------------------------+---------+----+-------+-------+-----+
    |FFT_Stage1_vectorstream_parameterize_U0           |FFT_Stage1_vectorstream_parameterize           |        0|   0|   5121|   4848|    0|
    |FFT_Stage2_vectorstreamIn_arrayOut_parametize_U0  |FFT_Stage2_vectorstreamIn_arrayOut_parametize  |        0|   0|   5452|   4862|    0|
    |FFT_stage_spatial_unroll_3_U0                     |FFT_stage_spatial_unroll_3_s                   |        0|  24|  13276|  10657|    0|
    |FFT_stage_spatial_unroll_4_U0                     |FFT_stage_spatial_unroll_4_s                   |        0|  24|  12808|  10326|    0|
    |FFT_stage_spatial_unroll_5_U0                     |FFT_stage_spatial_unroll_5_s                   |        0|  24|  12810|  10415|    0|
    |FFT_stage_spatial_unroll_6_U0                     |FFT_stage_spatial_unroll_6_s                   |        0|  24|  12815|  10511|    0|
    |FFT_stage_spatial_unroll_7_U0                     |FFT_stage_spatial_unroll_7_s                   |        0|  24|  12531|  10694|    0|
    |output_result_array_to_stream_U0                  |output_result_array_to_stream                  |        0|   0|     12|     77|    0|
    |reverse_input_stream_UF2_U0                       |reverse_input_stream_UF2                       |       16|   0|   1370|   1214|    0|
    +--------------------------------------------------+-----------------------------------------------+---------+----+-------+-------+-----+
    |Total                                             |                                               |       16| 120|  76195|  63604|    0|
    +--------------------------------------------------+-----------------------------------------------+---------+----+-------+-------+-----+

    * DSP: 
    N/A

    * Memory: 
    +-----------------------------------------------------------------------------+----------------------------------------------------------------------------------+---------+-----+----+-----+------+-----+------+-------------+
    |                                    Memory                                   |                                      Module                                      | BRAM_18K|  FF | LUT| URAM| Words| Bits| Banks| W*Bits*Banks|
    +-----------------------------------------------------------------------------+----------------------------------------------------------------------------------+---------+-----+----+-----+------+-----+------+-------------+
    |FFT_DIT_spatial_unroll_CY_stream_vector_stream_stream_vector_0_data_0_0_0_U  |FFT_DIT_spatial_unroll_CY_stream_vector_FFT_DIT_spatial_unroll_CY_stream_vectrcU  |        0|  128|  32|    0|    32|   32|     1|         1024|
    |FFT_DIT_spatial_unroll_CY_stream_vector_stream_stream_vector_0_data_0_0_1_U  |FFT_DIT_spatial_unroll_CY_stream_vector_FFT_DIT_spatial_unroll_CY_stream_vectrcU  |        0|  128|  32|    0|    32|   32|     1|         1024|
    |FFT_DIT_spatial_unroll_CY_stream_vector_stream_stream_vector_0_data_0_0_2_U  |FFT_DIT_spatial_unroll_CY_stream_vector_FFT_DIT_spatial_unroll_CY_stream_vectrcU  |        0|  128|  32|    0|    32|   32|     1|         1024|
    |FFT_DIT_spatial_unroll_CY_stream_vector_stream_stream_vector_0_data_0_0_3_U  |FFT_DIT_spatial_unroll_CY_stream_vector_FFT_DIT_spatial_unroll_CY_stream_vectrcU  |        0|  128|  32|    0|    32|   32|     1|         1024|
    |FFT_DIT_spatial_unroll_CY_stream_vector_stream_stream_vector_0_data_0_1_0_U  |FFT_DIT_spatial_unroll_CY_stream_vector_FFT_DIT_spatial_unroll_CY_stream_vectrcU  |        0|  128|  32|    0|    32|   32|     1|         1024|
    |FFT_DIT_spatial_unroll_CY_stream_vector_stream_stream_vector_0_data_0_1_1_U  |FFT_DIT_spatial_unroll_CY_stream_vector_FFT_DIT_spatial_unroll_CY_stream_vectrcU  |        0|  128|  32|    0|    32|   32|     1|         1024|
    |FFT_DIT_spatial_unroll_CY_stream_vector_stream_stream_vector_0_data_0_1_2_U  |FFT_DIT_spatial_unroll_CY_stream_vector_FFT_DIT_spatial_unroll_CY_stream_vectrcU  |        0|  128|  32|    0|    32|   32|     1|         1024|
    |FFT_DIT_spatial_unroll_CY_stream_vector_stream_stream_vector_0_data_0_1_3_U  |FFT_DIT_spatial_unroll_CY_stream_vector_FFT_DIT_spatial_unroll_CY_stream_vectrcU  |        0|  128|  32|    0|    32|   32|     1|         1024|
    |FFT_DIT_spatial_unroll_CY_stream_vector_stream_stream_vector_0_data_1_0_0_U  |FFT_DIT_spatial_unroll_CY_stream_vector_FFT_DIT_spatial_unroll_CY_stream_vectzec  |        4|   64|   0|    0|    64|   32|     1|         2048|
    |FFT_DIT_spatial_unroll_CY_stream_vector_stream_stream_vector_0_data_1_0_1_U  |FFT_DIT_spatial_unroll_CY_stream_vector_FFT_DIT_spatial_unroll_CY_stream_vectzec  |        4|   64|   0|    0|    64|   32|     1|         2048|
    |FFT_DIT_spatial_unroll_CY_stream_vector_stream_stream_vector_0_data_1_1_0_U  |FFT_DIT_spatial_unroll_CY_stream_vector_FFT_DIT_spatial_unroll_CY_stream_vectzec  |        4|   64|   0|    0|    64|   32|     1|         2048|
    |FFT_DIT_spatial_unroll_CY_stream_vector_stream_stream_vector_0_data_1_1_1_U  |FFT_DIT_spatial_unroll_CY_stream_vector_FFT_DIT_spatial_unroll_CY_stream_vectzec  |        4|   64|   0|    0|    64|   32|     1|         2048|
    |FFT_DIT_spatial_unroll_CY_stream_vector_stream_stream_vector_0_data_2_0_0_U  |FFT_DIT_spatial_unroll_CY_stream_vector_FFT_DIT_spatial_unroll_CY_stream_vectzec  |        4|   64|   0|    0|    64|   32|     1|         2048|
    |FFT_DIT_spatial_unroll_CY_stream_vector_stream_stream_vector_0_data_2_0_1_U  |FFT_DIT_spatial_unroll_CY_stream_vector_FFT_DIT_spatial_unroll_CY_stream_vectzec  |        4|   64|   0|    0|    64|   32|     1|         2048|
    |FFT_DIT_spatial_unroll_CY_stream_vector_stream_stream_vector_0_data_2_1_0_U  |FFT_DIT_spatial_unroll_CY_stream_vector_FFT_DIT_spatial_unroll_CY_stream_vectzec  |        4|   64|   0|    0|    64|   32|     1|         2048|
    |FFT_DIT_spatial_unroll_CY_stream_vector_stream_stream_vector_0_data_2_1_1_U  |FFT_DIT_spatial_unroll_CY_stream_vector_FFT_DIT_spatial_unroll_CY_stream_vectzec  |        4|   64|   0|    0|    64|   32|     1|         2048|
    |FFT_DIT_spatial_unroll_CY_stream_vector_stream_stream_vector_0_data_3_0_0_U  |FFT_DIT_spatial_unroll_CY_stream_vector_FFT_DIT_spatial_unroll_CY_stream_vectzec  |        4|   64|   0|    0|    64|   32|     1|         2048|
    |FFT_DIT_spatial_unroll_CY_stream_vector_stream_stream_vector_0_data_3_0_1_U  |FFT_DIT_spatial_unroll_CY_stream_vector_FFT_DIT_spatial_unroll_CY_stream_vectzec  |        4|   64|   0|    0|    64|   32|     1|         2048|
    |FFT_DIT_spatial_unroll_CY_stream_vector_stream_stream_vector_0_data_3_1_0_U  |FFT_DIT_spatial_unroll_CY_stream_vector_FFT_DIT_spatial_unroll_CY_stream_vectzec  |        4|   64|   0|    0|    64|   32|     1|         2048|
    |FFT_DIT_spatial_unroll_CY_stream_vector_stream_stream_vector_0_data_3_1_1_U  |FFT_DIT_spatial_unroll_CY_stream_vector_FFT_DIT_spatial_unroll_CY_stream_vectzec  |        4|   64|   0|    0|    64|   32|     1|         2048|
    |FFT_DIT_spatial_unroll_CY_stream_vector_stream_stream_vector_0_data_4_0_0_U  |FFT_DIT_spatial_unroll_CY_stream_vector_FFT_DIT_spatial_unroll_CY_stream_vectzec  |        4|   64|   0|    0|    64|   32|     1|         2048|
    |FFT_DIT_spatial_unroll_CY_stream_vector_stream_stream_vector_0_data_4_0_1_U  |FFT_DIT_spatial_unroll_CY_stream_vector_FFT_DIT_spatial_unroll_CY_stream_vectzec  |        4|   64|   0|    0|    64|   32|     1|         2048|
    |FFT_DIT_spatial_unroll_CY_stream_vector_stream_stream_vector_0_data_4_1_0_U  |FFT_DIT_spatial_unroll_CY_stream_vector_FFT_DIT_spatial_unroll_CY_stream_vectzec  |        4|   64|   0|    0|    64|   32|     1|         2048|
    |FFT_DIT_spatial_unroll_CY_stream_vector_stream_stream_vector_0_data_4_1_1_U  |FFT_DIT_spatial_unroll_CY_stream_vector_FFT_DIT_spatial_unroll_CY_stream_vectzec  |        4|   64|   0|    0|    64|   32|     1|         2048|
    |FFT_DIT_spatial_unroll_CY_stream_vector_stream_stream_vector_0_data_5_0_0_U  |FFT_DIT_spatial_unroll_CY_stream_vector_FFT_DIT_spatial_unroll_CY_stream_vectzec  |        4|   64|   0|    0|    64|   32|     1|         2048|
    |FFT_DIT_spatial_unroll_CY_stream_vector_stream_stream_vector_0_data_5_0_1_U  |FFT_DIT_spatial_unroll_CY_stream_vector_FFT_DIT_spatial_unroll_CY_stream_vectzec  |        4|   64|   0|    0|    64|   32|     1|         2048|
    |FFT_DIT_spatial_unroll_CY_stream_vector_stream_stream_vector_0_data_5_1_0_U  |FFT_DIT_spatial_unroll_CY_stream_vector_FFT_DIT_spatial_unroll_CY_stream_vectzec  |        4|   64|   0|    0|    64|   32|     1|         2048|
    |FFT_DIT_spatial_unroll_CY_stream_vector_stream_stream_vector_0_data_5_1_1_U  |FFT_DIT_spatial_unroll_CY_stream_vector_FFT_DIT_spatial_unroll_CY_stream_vectzec  |        4|   64|   0|    0|    64|   32|     1|         2048|
    +-----------------------------------------------------------------------------+----------------------------------------------------------------------------------+---------+-----+----+-----+------+-----+------+-------------+
    |Total                                                                        |                                                                                  |       80| 2304| 256|    0|  1536|  896|    28|        49152|
    +-----------------------------------------------------------------------------+----------------------------------------------------------------------------------+---------+-----+----+-----+------+-----+------+-------------+

    * FIFO: 
    +----------------------------+---------+----+----+-----+------+-----+---------+
    |            Name            | BRAM_18K| FF | LUT| URAM| Depth| Bits| Size:D*B|
    +----------------------------+---------+----+----+-----+------+-----+---------+
    |data_s1_stream_vector_U     |        0|  99|   0|    -|     2|  256|      512|
    |reverse_in_stream_vector_U  |        0|  99|   0|    -|     2|  256|      512|
    +----------------------------+---------+----+----+-----+------+-----+---------+
    |Total                       |        0| 198|   0|    0|     4|  512|     1024|
    +----------------------------+---------+----+----+-----+------+-----+---------+

    * Expression: 
    +-------------------------------------------------------------------------------------------------+----------+----+---+----+------------+------------+
    |                                          Variable Name                                          | Operation| DSP| FF| LUT| Bitwidth P0| Bitwidth P1|
    +-------------------------------------------------------------------------------------------------+----------+----+---+----+------------+------------+
    |ap_channel_done_FFT_DIT_spatial_unroll_CY_stream_vector_stream_stream_vector_0_data_0_1_3        |       and|   0|  0|   2|           1|           1|
    |ap_channel_done_FFT_DIT_spatial_unroll_CY_stream_vector_stream_stream_vector_0_data_1_1_1        |       and|   0|  0|   2|           1|           1|
    |ap_channel_done_FFT_DIT_spatial_unroll_CY_stream_vector_stream_stream_vector_0_data_2_1_1        |       and|   0|  0|   2|           1|           1|
    |ap_channel_done_FFT_DIT_spatial_unroll_CY_stream_vector_stream_stream_vector_0_data_3_1_1        |       and|   0|  0|   2|           1|           1|
    |ap_channel_done_FFT_DIT_spatial_unroll_CY_stream_vector_stream_stream_vector_0_data_4_1_1        |       and|   0|  0|   2|           1|           1|
    |ap_channel_done_FFT_DIT_spatial_unroll_CY_stream_vector_stream_stream_vector_0_data_5_1_1        |       and|   0|  0|   2|           1|           1|
    |ap_idle                                                                                          |       and|   0|  0|   2|           1|           1|
    |FFT_Stage1_vectorstream_parameterize_U0_ap_start                                                 |        or|   0|  0|   2|           1|           1|
    |FFT_Stage2_vectorstreamIn_arrayOut_parametize_U0_ap_start                                        |        or|   0|  0|   2|           1|           1|
    |ap_sync_channel_write_FFT_DIT_spatial_unroll_CY_stream_vector_stream_stream_vector_0_data_0_1_3  |        or|   0|  0|   2|           1|           1|
    |ap_sync_channel_write_FFT_DIT_spatial_unroll_CY_stream_vector_stream_stream_vector_0_data_1_1_1  |        or|   0|  0|   2|           1|           1|
    |ap_sync_channel_write_FFT_DIT_spatial_unroll_CY_stream_vector_stream_stream_vector_0_data_2_1_1  |        or|   0|  0|   2|           1|           1|
    |ap_sync_channel_write_FFT_DIT_spatial_unroll_CY_stream_vector_stream_stream_vector_0_data_3_1_1  |        or|   0|  0|   2|           1|           1|
    |ap_sync_channel_write_FFT_DIT_spatial_unroll_CY_stream_vector_stream_stream_vector_0_data_4_1_1  |        or|   0|  0|   2|           1|           1|
    |ap_sync_channel_write_FFT_DIT_spatial_unroll_CY_stream_vector_stream_stream_vector_0_data_5_1_1  |        or|   0|  0|   2|           1|           1|
    +-------------------------------------------------------------------------------------------------+----------+----+---+----+------------+------------+
    |Total                                                                                            |          |   0|  0|  30|          15|          15|
    +-------------------------------------------------------------------------------------------------+----------+----+---+----+------------+------------+

    * Multiplexer: 
    +-----------------------------------------------------------------------------------------------------+----+-----------+-----+-----------+
    |                                                 Name                                                | LUT| Input Size| Bits| Total Bits|
    +-----------------------------------------------------------------------------------------------------+----+-----------+-----+-----------+
    |ap_sync_reg_channel_write_FFT_DIT_spatial_unroll_CY_stream_vector_stream_stream_vector_0_data_0_1_3  |   9|          2|    1|          2|
    |ap_sync_reg_channel_write_FFT_DIT_spatial_unroll_CY_stream_vector_stream_stream_vector_0_data_1_1_1  |   9|          2|    1|          2|
    |ap_sync_reg_channel_write_FFT_DIT_spatial_unroll_CY_stream_vector_stream_stream_vector_0_data_2_1_1  |   9|          2|    1|          2|
    |ap_sync_reg_channel_write_FFT_DIT_spatial_unroll_CY_stream_vector_stream_stream_vector_0_data_3_1_1  |   9|          2|    1|          2|
    |ap_sync_reg_channel_write_FFT_DIT_spatial_unroll_CY_stream_vector_stream_stream_vector_0_data_4_1_1  |   9|          2|    1|          2|
    |ap_sync_reg_channel_write_FFT_DIT_spatial_unroll_CY_stream_vector_stream_stream_vector_0_data_5_1_1  |   9|          2|    1|          2|
    +-----------------------------------------------------------------------------------------------------+----+-----------+-----+-----------+
    |Total                                                                                                |  54|         12|    6|         12|
    +-----------------------------------------------------------------------------------------------------+----+-----------+-----+-----------+

    * Register: 
    +-----------------------------------------------------------------------------------------------------+---+----+-----+-----------+
    |                                                 Name                                                | FF| LUT| Bits| Const Bits|
    +-----------------------------------------------------------------------------------------------------+---+----+-----+-----------+
    |ap_sync_reg_FFT_Stage1_vectorstream_parameterize_U0_ap_start                                         |  1|   0|    1|          0|
    |ap_sync_reg_FFT_Stage2_vectorstreamIn_arrayOut_parametize_U0_ap_start                                |  1|   0|    1|          0|
    |ap_sync_reg_channel_write_FFT_DIT_spatial_unroll_CY_stream_vector_stream_stream_vector_0_data_0_1_3  |  1|   0|    1|          0|
    |ap_sync_reg_channel_write_FFT_DIT_spatial_unroll_CY_stream_vector_stream_stream_vector_0_data_1_1_1  |  1|   0|    1|          0|
    |ap_sync_reg_channel_write_FFT_DIT_spatial_unroll_CY_stream_vector_stream_stream_vector_0_data_2_1_1  |  1|   0|    1|          0|
    |ap_sync_reg_channel_write_FFT_DIT_spatial_unroll_CY_stream_vector_stream_stream_vector_0_data_3_1_1  |  1|   0|    1|          0|
    |ap_sync_reg_channel_write_FFT_DIT_spatial_unroll_CY_stream_vector_stream_stream_vector_0_data_4_1_1  |  1|   0|    1|          0|
    |ap_sync_reg_channel_write_FFT_DIT_spatial_unroll_CY_stream_vector_stream_stream_vector_0_data_5_1_1  |  1|   0|    1|          0|
    +-----------------------------------------------------------------------------------------------------+---+----+-----+-----------+
    |Total                                                                                                |  8|   0|    8|          0|
    +-----------------------------------------------------------------------------------------------------+---+----+-----+-----------+



================================================================
== Interface
================================================================
* Summary: 
+--------------+-----+-----+------------+-----------------------------------------+--------------+
|   RTL Ports  | Dir | Bits|  Protocol  |              Source Object              |    C Type    |
+--------------+-----+-----+------------+-----------------------------------------+--------------+
|in_r_dout     |   in|  256|     ap_fifo|                                     in_r|       pointer|
|in_r_empty_n  |   in|    1|     ap_fifo|                                     in_r|       pointer|
|in_r_read     |  out|    1|     ap_fifo|                                     in_r|       pointer|
|mid_din       |  out|  256|     ap_fifo|                                      mid|       pointer|
|mid_full_n    |   in|    1|     ap_fifo|                                      mid|       pointer|
|mid_write     |  out|    1|     ap_fifo|                                      mid|       pointer|
|ap_clk        |   in|    1|  ap_ctrl_hs|  FFT_DIT_spatial_unroll_CY_stream_vector|  return value|
|ap_rst        |   in|    1|  ap_ctrl_hs|  FFT_DIT_spatial_unroll_CY_stream_vector|  return value|
|ap_start      |   in|    1|  ap_ctrl_hs|  FFT_DIT_spatial_unroll_CY_stream_vector|  return value|
|ap_done       |  out|    1|  ap_ctrl_hs|  FFT_DIT_spatial_unroll_CY_stream_vector|  return value|
|ap_ready      |  out|    1|  ap_ctrl_hs|  FFT_DIT_spatial_unroll_CY_stream_vector|  return value|
|ap_idle       |  out|    1|  ap_ctrl_hs|  FFT_DIT_spatial_unroll_CY_stream_vector|  return value|
|ap_continue   |   in|    1|  ap_ctrl_hs|  FFT_DIT_spatial_unroll_CY_stream_vector|  return value|
+--------------+-----+-----+------------+-----------------------------------------+--------------+

