#-----------------------------------------------------------
# Vivado v2024.2 (64-bit)
# SW Build 5239630 on Fri Nov 08 22:34:34 MST 2024
# IP Build 5239520 on Sun Nov 10 16:12:51 MST 2024
# SharedData Build 5239561 on Fri Nov 08 14:39:27 MST 2024
# Start of session at: Wed Jul 16 18:22:50 2025
# Process ID         : 946614
# Current directory  : /scratch/juju/HP-FFT-HLS/n128/UF2/FFT_DIT_RN/FFT_DIT_RN/impl/ip
# Command line       : vivado -notrace -mode batch -source run_ippack.tcl
# Log file           : /scratch/juju/HP-FFT-HLS/n128/UF2/FFT_DIT_RN/FFT_DIT_RN/impl/ip/vivado.log
# Journal file       : /scratch/juju/HP-FFT-HLS/n128/UF2/FFT_DIT_RN/FFT_DIT_RN/impl/ip/vivado.jou
# Running On         : c04
# Platform           : Ubuntu
# Operating System   : Ubuntu 22.04.5 LTS
# Processor Detail   : AMD EPYC 9654 96-Core Processor
# CPU Frequency      : 1519.218 MHz
# CPU Physical cores : 192
# CPU Logical cores  : 384
# Host memory        : 811201 MB
# Swap memory        : 8589 MB
# Total Virtual      : 819791 MB
# Available Virtual  : 798206 MB
#-----------------------------------------------------------
source run_ippack.tcl -notrace
